
Memory Configuration

Name             Origin             Length             Attributes
FLASH            0x08000000         0x00080000         xr
SRAM             0x20000000         0x00020000         xrw
*default*        0x00000000         0xffffffff

Linker script and memory map

LOAD object/kstdio.o
LOAD object/kmain.o
LOAD object/sys_init.o
LOAD object/clock.o
LOAD object/gpio.o
LOAD object/scb.o
LOAD object/timer.o
LOAD object/usart.o
LOAD object/stm32_startup.o
LOAD object/sys.o

.text           0x08000000     0x1308
                0x08000000                _stext = .
 *(.isr_vector)
 .isr_vector    0x08000000      0x1c4 object/stm32_startup.o
                0x08000000                NVIC_VECTOR
 *(.text)
 .text          0x080001c4      0x8b8 object/kstdio.o
                0x080001c4                kstrcmp
                0x0800022e                kreverse
                0x08000280                power
                0x080002b2                dig
                0x080002de                hexDig
                0x08000324                stringToInt
                0x080003b4                intToString
                0x08000474                stringToHex
                0x080004fe                hexToString
                0x080005cc                floatToString
                0x080007ac                stringToFloat
                0x080008a0                kprintf
                0x08000988                kscanf
 .text          0x08000a7c      0x210 object/kmain.o
                0x08000a7c                kmain
 .text          0x08000c8c       0x30 object/sys_init.o
                0x08000c8c                __sys_init
 .text          0x08000cbc       0xbc object/clock.o
                0x08000cbc                DRV_CLOCK_INIT
 .text          0x08000d78       0x20 object/gpio.o
                0x08000d78                DRV_GPIO_INIT
 .text          0x08000d98       0x24 object/scb.o
                0x08000d98                DRV_FPU_ACTIVE
 .text          0x08000dbc        0xe object/timer.o
                0x08000dbc                DRV_TIMER_INIT
 *fill*         0x08000dca        0x2 
 .text          0x08000dcc      0x1c0 object/usart.o
                0x08000dcc                DRV_USART_INIT
                0x08000e88                UART_SendChar
                0x08000ebe                _USART_WRITE
                0x08000eec                _USART_READ
                0x08000f60                UART_GetChar
 .text          0x08000f8c       0xec object/stm32_startup.o
                0x08000f8c                Reset_Handler
                0x08001044                FLASH_Handler
                0x08001044                SVCall_Handler
                0x08001044                DMA2_Stream7_Handler
                0x08001044                OTG_HS_Handler
                0x08001044                SPI4_Handler
                0x08001044                DMA2_Stream3_Handler
                0x08001044                USART3_Handler
                0x08001044                PendSV_Handler
                0x08001044                NMI_Handler
                0x08001044                SAI1_Handler
                0x08001044                TIM6_DAC_Handler
                0x08001044                CAN1_RX1_Handler
                0x08001044                EXTI15_10_Handler
                0x08001044                ADC_Handler
                0x08001044                I2C1_EV_Handler
                0x08001044                TAMP_STAMP_Handler
                0x08001044                I2C3_ER_Handler
                0x08001044                WWDG_Handler
                0x08001044                EXTI4_Handler
                0x08001044                I2C3_EV_Handler
                0x08001044                DMA1_Stream1_Handler
                0x08001044                DMA2_Stream4_Handler
                0x08001044                DMA1_Stream7_Handler
                0x08001044                OTG_FS_Handler
                0x08001044                TIM1_BRK_TIM9_Handler
                0x08001044                I2C1_ER_Handler
                0x08001044                DMA1_Stream3_Handler
                0x08001044                UsageFault_Handler
                0x08001044                TIM1_UP_TIM10_Handler
                0x08001044                CAN1_RX0_Handler
                0x08001044                TIM1_CC_Handler
                0x08001044                I2C2_ER_Handler
                0x08001044                USART6_Handler
                0x08001044                TIM8_CC_Handler
                0x08001044                HDMI_CEC_Handler
                0x08001044                SAI2_Handler
                0x08001044                CAN1_SCE_Handler
                0x08001044                DMA1_Stream0_Handler
                0x08001044                OTG_HS_EP1_OUT_Handler
                0x08001044                EXTI1_Handler
                0x08001044                RTC_WKUP_Handler
                0x08001044                FMC_Handler
                0x08001044                EXTI3_Handler
                0x08001044                EXTI2_Handler
                0x08001044                UART4_Handler
                0x08001044                CAN2_RX1_Handler
                0x08001044                EXTI9_5_Handler
                0x08001044                TIM2_Handler
                0x08001044                USART1_Handler
                0x08001044                CAN2_SCE_Handler
                0x08001044                TIM3_Handler
                0x08001044                DMA2_Stream6_Handler
                0x08001044                OTG_FS_WKUP_Handler
                0x08001044                Default_Handler
                0x08001044                DCMI_Handler
                0x08001044                TIM1_TRG_COM_TIM11_Handler
                0x08001044                RTC_Alarm_Handler
                0x08001044                TIM4_Handler
                0x08001044                TIM8_UP_TIM13_Handler
                0x08001044                CAN2_TX_Handler
                0x08001044                SPI2_Handler
                0x08001044                DMA2_Stream1_Handler
                0x08001044                DMA1_Stream2_Handler
                0x08001044                OTG_HS_WKUP_Handler
                0x08001044                EXTI0_Handler
                0x08001044                TIM8_BRK_TIM12_Handler
                0x08001044                CAN2_RX0_Handler
                0x08001044                DMA2_Stream5_Handler
                0x08001044                DMA1_Stream6_Handler
                0x08001044                SDIO_Handler
                0x08001044                FMPI2C1_ERR_Handler
                0x08001044                USART2_Handler
                0x08001044                SPI1_Handler
                0x08001044                I2C2_EV_Handler
                0x08001044                SPDIF_Rx_Handler
                0x08001044                DMA2_Stream2_Handler
                0x08001044                SPI3_Handler
                0x08001044                DMA2_Stream0_Handler
                0x08001044                RCC_Handler
                0x08001044                PVD_Handler
                0x08001044                UART5_Handler
                0x08001044                DMA1_Stream5_Handler
                0x08001044                TIM5_Handler
                0x08001044                QuadSPI_Handler
                0x08001044                TIM7_Handler
                0x08001044                TIM8_TRG_COM_TIM14_Handler
                0x08001044                CAN1_TX_Handler
                0x08001044                FPU_Handler
                0x08001044                FMPI2C1_Handler
                0x08001044                DebugMonitor_Handler
                0x08001044                DMA1_Stream4_Handler
                0x08001044                OTG_HS_EP1_IN_Handler
                0x0800104a                HardFault_Handler
                0x08001050                MemManage_Handler
                0x08001056                BusFault_Handler
                0x0800105c                update_global_tick_count
 .text          0x08001078      0x170 object/sys.o
                0x08001078                sysTick_init
                0x080010b4                sysTick_enable
                0x080010e8                sysTick_disable
                0x08001108                updateSysTick
                0x08001134                getSysTickCount
                0x0800114c                getTime
                0x0800118c                update_msCount
                0x080011a8                SysTick_Handler
 *(.rodata)
 .rodata        0x080011e8       0x13 object/kstdio.o
 *fill*         0x080011fb        0x1 
 .rodata        0x080011fc      0x10c object/kmain.o
                0x08001308                . = ALIGN (0x4)
                0x08001308                _etext = .
                0x08001308                _la_data = LOADADDR (.data)

.glue_7         0x08001308        0x0
 .glue_7        0x08001308        0x0 linker stubs

.glue_7t        0x08001308        0x0
 .glue_7t       0x08001308        0x0 linker stubs

.vfp11_veneer   0x08001308        0x0
 .vfp11_veneer  0x08001308        0x0 linker stubs

.v4_bx          0x08001308        0x0
 .v4_bx         0x08001308        0x0 linker stubs

.iplt           0x08001308        0x0
 .iplt          0x08001308        0x0 object/kstdio.o

.rel.dyn        0x08001308        0x0
 .rel.iplt      0x08001308        0x0 object/kstdio.o

.data           0x20000000        0x0 load address 0x08001308
                0x20000000                _sdata = .
 *(.data)
 .data          0x20000000        0x0 object/kstdio.o
 .data          0x20000000        0x0 object/kmain.o
 .data          0x20000000        0x0 object/sys_init.o
 .data          0x20000000        0x0 object/clock.o
 .data          0x20000000        0x0 object/gpio.o
 .data          0x20000000        0x0 object/scb.o
 .data          0x20000000        0x0 object/timer.o
 .data          0x20000000        0x0 object/usart.o
 .data          0x20000000        0x0 object/stm32_startup.o
 .data          0x20000000        0x0 object/sys.o
                0x20000000                . = ALIGN (0x4)
                0x20000000                _edata = .

.igot.plt       0x20000000        0x0 load address 0x08001308
 .igot.plt      0x20000000        0x0 object/kstdio.o

.bss            0x20000000       0x24 load address 0x08001308
                0x20000000                _sbss = .
 *(.bss)
 .bss           0x20000000        0x0 object/kstdio.o
 .bss           0x20000000        0x4 object/kmain.o
 .bss           0x20000004        0x4 object/sys_init.o
 .bss           0x20000008        0x0 object/clock.o
 .bss           0x20000008        0x0 object/gpio.o
 .bss           0x20000008        0x0 object/scb.o
 .bss           0x20000008        0x0 object/timer.o
 .bss           0x20000008        0x0 object/usart.o
 .bss           0x20000008       0x14 object/stm32_startup.o
                0x2000000c                _bss_size
                0x20000010                _data_size
                0x20000014                _text_size
                0x20000018                g_tick_count
 .bss           0x2000001c        0x8 object/sys.o
                0x20000020                mscount
                0x20000024                _ebss = .
OUTPUT(target/asst01.elf elf32-littlearm)
LOAD linker stubs

.comment        0x00000000       0x49
 .comment       0x00000000       0x49 object/kstdio.o
                                 0x4a (size before relaxing)
 .comment       0x00000049       0x4a object/kmain.o
 .comment       0x00000049       0x4a object/sys_init.o
 .comment       0x00000049       0x4a object/clock.o
 .comment       0x00000049       0x4a object/gpio.o
 .comment       0x00000049       0x4a object/scb.o
 .comment       0x00000049       0x4a object/timer.o
 .comment       0x00000049       0x4a object/usart.o
 .comment       0x00000049       0x4a object/stm32_startup.o
 .comment       0x00000049       0x4a object/sys.o

.ARM.attributes
                0x00000000       0x32
 .ARM.attributes
                0x00000000       0x32 object/kstdio.o
 .ARM.attributes
                0x00000032       0x32 object/kmain.o
 .ARM.attributes
                0x00000064       0x32 object/sys_init.o
 .ARM.attributes
                0x00000096       0x32 object/clock.o
 .ARM.attributes
                0x000000c8       0x32 object/gpio.o
 .ARM.attributes
                0x000000fa       0x32 object/scb.o
 .ARM.attributes
                0x0000012c       0x32 object/timer.o
 .ARM.attributes
                0x0000015e       0x32 object/usart.o
 .ARM.attributes
                0x00000190       0x32 object/stm32_startup.o
 .ARM.attributes
                0x000001c2       0x32 object/sys.o
